{
  "version": "1.5.0",
  "plugins_used": [
    {
      "name": "ArtifactoryDetector"
    },
    {
      "name": "AWSKeyDetector"
    },
    {
      "name": "AzureStorageKeyDetector"
    },
    {
      "name": "Base64HighEntropyString",
      "limit": 4.5
    },
    {
      "name": "BasicAuthDetector"
    },
    {
      "name": "CloudantDetector"
    },
    {
      "name": "DiscordBotTokenDetector"
    },
    {
      "name": "GitHubTokenDetector"
    },
    {
      "name": "GitLabTokenDetector"
    },
    {
      "name": "HexHighEntropyString",
      "limit": 3.0
    },
    {
      "name": "IbmCloudIamDetector"
    },
    {
      "name": "IbmCosHmacDetector"
    },
    {
      "name": "IPPublicDetector"
    },
    {
      "name": "JwtTokenDetector"
    },
    {
      "name": "KeywordDetector",
      "keyword_exclude": ""
    },
    {
      "name": "MailchimpDetector"
    },
    {
      "name": "NpmDetector"
    },
    {
      "name": "OpenAIDetector"
    },
    {
      "name": "PrivateKeyDetector"
    },
    {
      "name": "PypiTokenDetector"
    },
    {
      "name": "SendGridDetector"
    },
    {
      "name": "SlackDetector"
    },
    {
      "name": "SoftlayerDetector"
    },
    {
      "name": "SquareOAuthDetector"
    },
    {
      "name": "StripeDetector"
    },
    {
      "name": "TelegramBotTokenDetector"
    },
    {
      "name": "TwilioKeyDetector"
    }
  ],
  "filters_used": [
    {
      "path": "detect_secrets.filters.allowlist.is_line_allowlisted"
    },
    {
      "path": "detect_secrets.filters.common.is_baseline_file",
      "filename": ".secrets.baseline"
    },
    {
      "path": "detect_secrets.filters.common.is_ignored_due_to_verification_policies",
      "min_level": 2
    },
    {
      "path": "detect_secrets.filters.heuristic.is_indirect_reference"
    },
    {
      "path": "detect_secrets.filters.heuristic.is_likely_id_string"
    },
    {
      "path": "detect_secrets.filters.heuristic.is_lock_file"
    },
    {
      "path": "detect_secrets.filters.heuristic.is_not_alphanumeric_string"
    },
    {
      "path": "detect_secrets.filters.heuristic.is_potential_uuid"
    },
    {
      "path": "detect_secrets.filters.heuristic.is_prefixed_with_dollar_sign"
    },
    {
      "path": "detect_secrets.filters.heuristic.is_sequential_string"
    },
    {
      "path": "detect_secrets.filters.heuristic.is_swagger_file"
    },
    {
      "path": "detect_secrets.filters.heuristic.is_templated_secret"
    },
    {
      "path": "detect_secrets.filters.regex.should_exclude_file",
      "pattern": [
        ".*\\.enc\\.yaml$"
      ]
    }
  ],
  "results": {
    ".sops.yaml": [
      {
        "type": "Base64 High Entropy String",
        "filename": ".sops.yaml",
        "hashed_secret": "1a1c4af3b36760af557f790fb96f312594cf2f15",
        "is_verified": false,
        "line_number": 5
      }
    ],
    "docs/infrastructure/configuration/secrets.md": [
      {
        "type": "Base64 High Entropy String",
        "filename": "docs/infrastructure/configuration/secrets.md",
        "hashed_secret": "3208da94e19c447a18e0f35b6603070ce94150d7",
        "is_verified": false,
        "line_number": 175
      },
      {
        "type": "Secret Keyword",
        "filename": "docs/infrastructure/configuration/secrets.md",
        "hashed_secret": "9fbcff1e1cbebc43c830b063a74799d8ad48cee8",
        "is_verified": false,
        "line_number": 176
      }
    ],
    "infrastructure/ansible/roles/bootstrap/tasks/ssh_setup.yml": [
      {
        "type": "Secret Keyword",
        "filename": "infrastructure/ansible/roles/bootstrap/tasks/ssh_setup.yml",
        "hashed_secret": "6b42874e3cd20771d93096ec5ce36307a1f2ba14",
        "is_verified": false,
        "line_number": 48
      }
    ],
    "infrastructure/gitops/apps/authentik/ingress.yaml": [
      {
        "type": "Secret Keyword",
        "filename": "infrastructure/gitops/apps/authentik/ingress.yaml",
        "hashed_secret": "1a5e782255adfbd8d87d399be7ba3eaf842d14a6",
        "is_verified": false,
        "line_number": 25
      }
    ],
    "infrastructure/gitops/apps/authentik/secret.yaml.template": [
      {
        "type": "Secret Keyword",
        "filename": "infrastructure/gitops/apps/authentik/secret.yaml.template",
        "hashed_secret": "b2195582373bcb2256c35388ade328f63e4f5314",
        "is_verified": false,
        "line_number": 9
      },
      {
        "type": "Secret Keyword",
        "filename": "infrastructure/gitops/apps/authentik/secret.yaml.template",
        "hashed_secret": "cdd91d72fe5b3c6bd613f4882beef0c9d213b741",
        "is_verified": false,
        "line_number": 10
      }
    ],
    "infrastructure/gitops/apps/monitoring/grafana-helmrelease.yaml": [
      {
        "type": "Secret Keyword",
        "filename": "infrastructure/gitops/apps/monitoring/grafana-helmrelease.yaml",
        "hashed_secret": "4a02eb064f2146356ce0b65f4e181c218fb0b4b2",
        "is_verified": false,
        "line_number": 27
      },
      {
        "type": "Secret Keyword",
        "filename": "infrastructure/gitops/apps/monitoring/grafana-helmrelease.yaml",
        "hashed_secret": "fc4b79ff2005c1bfacead828184f0c8aad8fd860",
        "is_verified": false,
        "line_number": 29
      }
    ],
    "infrastructure/gitops/apps/monitoring/ingress.yaml": [
      {
        "type": "Secret Keyword",
        "filename": "infrastructure/gitops/apps/monitoring/ingress.yaml",
        "hashed_secret": "d9af0710c22379134122d571aa8e9ddda8ecc632",
        "is_verified": false,
        "line_number": 26
      }
    ],
    "infrastructure/gitops/apps/monitoring/prometheus-ingress.yaml": [
      {
        "type": "Secret Keyword",
        "filename": "infrastructure/gitops/apps/monitoring/prometheus-ingress.yaml",
        "hashed_secret": "38f756a7f3ccbf5e6f799074299ac322badda3f0",
        "is_verified": false,
        "line_number": 25
      }
    ],
    "infrastructure/gitops/apps/postgresql/helmrelease.yaml": [
      {
        "type": "Secret Keyword",
        "filename": "infrastructure/gitops/apps/postgresql/helmrelease.yaml",
        "hashed_secret": "23bcd38a650d3da92049b9529a2e192ccd6ab716",
        "is_verified": false,
        "line_number": 32
      },
      {
        "type": "Secret Keyword",
        "filename": "infrastructure/gitops/apps/postgresql/helmrelease.yaml",
        "hashed_secret": "75cb4c02576c9abae38fadc84bc832f2af203f3e",
        "is_verified": false,
        "line_number": 34
      },
      {
        "type": "Secret Keyword",
        "filename": "infrastructure/gitops/apps/postgresql/helmrelease.yaml",
        "hashed_secret": "5baa61e4c9b93f3f0682250b6cf8331b7ee68fd8",
        "is_verified": false,
        "line_number": 35
      }
    ],
    "infrastructure/gitops/apps/postgresql/secret.yaml.template": [
      {
        "type": "Secret Keyword",
        "filename": "infrastructure/gitops/apps/postgresql/secret.yaml.template",
        "hashed_secret": "462b350d3afd8b74d4415f1b9ede4bb9830f24e4",
        "is_verified": false,
        "line_number": 20
      }
    ],
    "infrastructure/gitops/apps/redis/helmrelease.yaml": [
      {
        "type": "Secret Keyword",
        "filename": "infrastructure/gitops/apps/redis/helmrelease.yaml",
        "hashed_secret": "e6d55f0318bf89d937a0296b808fd5f5f5ee6a07",
        "is_verified": false,
        "line_number": 28
      },
      {
        "type": "Secret Keyword",
        "filename": "infrastructure/gitops/apps/redis/helmrelease.yaml",
        "hashed_secret": "3c91ef6e85d2cf61a5bf772e28bd1d78ead7ba14",
        "is_verified": false,
        "line_number": 29
      }
    ],
    "infrastructure/gitops/apps/redis/secret.yaml.template": [
      {
        "type": "Secret Keyword",
        "filename": "infrastructure/gitops/apps/redis/secret.yaml.template",
        "hashed_secret": "462b350d3afd8b74d4415f1b9ede4bb9830f24e4",
        "is_verified": false,
        "line_number": 20
      }
    ],
    "infrastructure/gitops/apps/starbase/promotion-input.json": [
      {
        "type": "Hex High Entropy String",
        "filename": "infrastructure/gitops/apps/starbase/promotion-input.json",
        "hashed_secret": "4efd5949b55b32b6813f1247ceb1c0a518074c89",
        "is_verified": false,
        "line_number": 18
      }
    ],
    "infrastructure/gitops/apps/starbase/promotion-lock.json": [
      {
        "type": "Hex High Entropy String",
        "filename": "infrastructure/gitops/apps/starbase/promotion-lock.json",
        "hashed_secret": "4efd5949b55b32b6813f1247ceb1c0a518074c89",
        "is_verified": false,
        "line_number": 36
      },
      {
        "type": "Hex High Entropy String",
        "filename": "infrastructure/gitops/apps/starbase/promotion-lock.json",
        "hashed_secret": "3b5d72693a227496b8c14ba307c1082804dd0605",
        "is_verified": false,
        "line_number": 246
      }
    ],
    "infrastructure/gitops/apps/temporal/helmrelease.yaml": [
      {
        "type": "Secret Keyword",
        "filename": "infrastructure/gitops/apps/temporal/helmrelease.yaml",
        "hashed_secret": "b5805f9464b68b06f4c948db7eacf8cdad9b5f1b",
        "is_verified": false,
        "line_number": 64
      },
      {
        "type": "Secret Keyword",
        "filename": "infrastructure/gitops/apps/temporal/helmrelease.yaml",
        "hashed_secret": "75cb4c02576c9abae38fadc84bc832f2af203f3e",
        "is_verified": false,
        "line_number": 66
      }
    ],
    "infrastructure/gitops/apps/temporal/ingress.yaml": [
      {
        "type": "Secret Keyword",
        "filename": "infrastructure/gitops/apps/temporal/ingress.yaml",
        "hashed_secret": "05f8502e2013ef41eef047ce24b5229cab96266e",
        "is_verified": false,
        "line_number": 25
      }
    ],
    "infrastructure/gitops/apps/vllm/embeddings-ingress.yaml": [
      {
        "type": "Secret Keyword",
        "filename": "infrastructure/gitops/apps/vllm/embeddings-ingress.yaml",
        "hashed_secret": "c7d4a56faedbaa9bd2b7a02b8f944baa4e306957",
        "is_verified": false,
        "line_number": 13
      }
    ],
    "infrastructure/gitops/apps/vllm/fast-model-ingress.yaml": [
      {
        "type": "Secret Keyword",
        "filename": "infrastructure/gitops/apps/vllm/fast-model-ingress.yaml",
        "hashed_secret": "c9aae2b0f9c3ffb11c1969564f737685fcc3805a",
        "is_verified": false,
        "line_number": 13
      }
    ],
    "infrastructure/gitops/apps/vllm/ingress.yaml": [
      {
        "type": "Secret Keyword",
        "filename": "infrastructure/gitops/apps/vllm/ingress.yaml",
        "hashed_secret": "186526faf5fe262edd449c03e4fbfd0a26128a3d",
        "is_verified": false,
        "line_number": 13
      }
    ],
    "infrastructure/gitops/infrastructure/external-dns/helmrelease.yaml": [
      {
        "type": "Secret Keyword",
        "filename": "infrastructure/gitops/infrastructure/external-dns/helmrelease.yaml",
        "hashed_secret": "072f1d84318b6b673084231351259a10b885636a",
        "is_verified": false,
        "line_number": 37
      }
    ],
    "infrastructure/gitops/infrastructure/registry/ingress.yaml": [
      {
        "type": "Secret Keyword",
        "filename": "infrastructure/gitops/infrastructure/registry/ingress.yaml",
        "hashed_secret": "d9b0bb122ae79a5736f155b5f8ddb18063d58b38",
        "is_verified": false,
        "line_number": 30
      }
    ]
  },
  "generated_at": "2026-08-27T04:10:32Z"
}
