{
  "version": "1.5.0",
  "plugins_used": [
    {
      "name": "ArtifactoryDetector"
    },
    {
      "name": "AWSKeyDetector"
    },
    {
      "name": "AzureStorageKeyDetector"
    },
    {
      "name": "Base64HighEntropyString",
      "limit": 4.5
    },
    {
      "name": "BasicAuthDetector"
    },
    {
      "name": "CloudantDetector"
    },
    {
      "name": "DiscordBotTokenDetector"
    },
    {
      "name": "GitHubTokenDetector"
    },
    {
      "name": "GitLabTokenDetector"
    },
    {
      "name": "HexHighEntropyString",
      "limit": 3.0
    },
    {
      "name": "IbmCloudIamDetector"
    },
    {
      "name": "IbmCosHmacDetector"
    },
    {
      "name": "IPPublicDetector"
    },
    {
      "name": "JwtTokenDetector"
    },
    {
      "name": "KeywordDetector",
      "keyword_exclude": ""
    },
    {
      "name": "MailchimpDetector"
    },
    {
      "name": "NpmDetector"
    },
    {
      "name": "OpenAIDetector"
    },
    {
      "name": "PrivateKeyDetector"
    },
    {
      "name": "PypiTokenDetector"
    },
    {
      "name": "SendGridDetector"
    },
    {
      "name": "SlackDetector"
    },
    {
      "name": "SoftlayerDetector"
    },
    {
      "name": "SquareOAuthDetector"
    },
    {
      "name": "StripeDetector"
    },
    {
      "name": "TelegramBotTokenDetector"
    },
    {
      "name": "TwilioKeyDetector"
    }
  ],
  "filters_used": [
    {
      "path": "detect_secrets.filters.allowlist.is_line_allowlisted"
    },
    {
      "path": "detect_secrets.filters.common.is_baseline_file",
      "filename": ".secrets.baseline"
    },
    {
      "path": "detect_secrets.filters.common.is_ignored_due_to_verification_policies",
      "min_level": 2
    },
    {
      "path": "detect_secrets.filters.heuristic.is_indirect_reference"
    },
    {
      "path": "detect_secrets.filters.heuristic.is_likely_id_string"
    },
    {
      "path": "detect_secrets.filters.heuristic.is_lock_file"
    },
    {
      "path": "detect_secrets.filters.heuristic.is_not_alphanumeric_string"
    },
    {
      "path": "detect_secrets.filters.heuristic.is_potential_uuid"
    },
    {
      "path": "detect_secrets.filters.heuristic.is_prefixed_with_dollar_sign"
    },
    {
      "path": "detect_secrets.filters.heuristic.is_sequential_string"
    },
    {
      "path": "detect_secrets.filters.heuristic.is_swagger_file"
    },
    {
      "path": "detect_secrets.filters.heuristic.is_templated_secret"
    },
    {
      "path": "detect_secrets.filters.regex.should_exclude_file",
      "pattern": [
        "package.lock.json"
      ]
    }
  ],
  "results": {
    ".sops.yaml": [
      {
        "type": "Base64 High Entropy String",
        "filename": ".sops.yaml",
        "hashed_secret": "1a1c4af3b36760af557f790fb96f312594cf2f15",
        "is_verified": false,
        "line_number": 5
      }
    ],
    "agents/core/src/core_agents/memory/config.py": [
      {
        "type": "Secret Keyword",
        "filename": "agents/core/src/core_agents/memory/config.py",
        "hashed_secret": "b5c2827eb65bf13b87130e7e3c424ba9ff07cd67",
        "is_verified": false,
        "line_number": 170
      }
    ],
    "agents/k8s-monitor/src/k8s_monitor/memory.py": [
      {
        "type": "Secret Keyword",
        "filename": "agents/k8s-monitor/src/k8s_monitor/memory.py",
        "hashed_secret": "b5c2827eb65bf13b87130e7e3c424ba9ff07cd67",
        "is_verified": false,
        "line_number": 50
      }
    ],
    "agents/news-monitor/src/news_monitor/agents/analyst.py": [
      {
        "type": "Secret Keyword",
        "filename": "agents/news-monitor/src/news_monitor/agents/analyst.py",
        "hashed_secret": "b5c2827eb65bf13b87130e7e3c424ba9ff07cd67",
        "is_verified": false,
        "line_number": 78
      }
    ],
    "agents/news-monitor/src/news_monitor/agents/composer.py": [
      {
        "type": "Secret Keyword",
        "filename": "agents/news-monitor/src/news_monitor/agents/composer.py",
        "hashed_secret": "b5c2827eb65bf13b87130e7e3c424ba9ff07cd67",
        "is_verified": false,
        "line_number": 52
      }
    ],
    "ansible/artifacts/5434a3b9-3ba7-459c-972c-93f32b5cf192/command": [
      {
        "type": "Base64 High Entropy String",
        "filename": "ansible/artifacts/5434a3b9-3ba7-459c-972c-93f32b5cf192/command",
        "hashed_secret": "061e029a4ec59c3e6983b17a86e8a86feeca03aa",
        "is_verified": false,
        "line_number": 1
      },
      {
        "type": "Base64 High Entropy String",
        "filename": "ansible/artifacts/5434a3b9-3ba7-459c-972c-93f32b5cf192/command",
        "hashed_secret": "2231629bb7373d6fbe8530f8a72bbe54905a26af",
        "is_verified": false,
        "line_number": 1
      },
      {
        "type": "Base64 High Entropy String",
        "filename": "ansible/artifacts/5434a3b9-3ba7-459c-972c-93f32b5cf192/command",
        "hashed_secret": "70244417fda5b8628ce6c03c6264df0f6ad4ea00",
        "is_verified": false,
        "line_number": 1
      }
    ],
    "ansible/artifacts/b09e0a09-b71f-4d30-9d26-04918de519af/command": [
      {
        "type": "Base64 High Entropy String",
        "filename": "ansible/artifacts/b09e0a09-b71f-4d30-9d26-04918de519af/command",
        "hashed_secret": "061e029a4ec59c3e6983b17a86e8a86feeca03aa",
        "is_verified": false,
        "line_number": 1
      },
      {
        "type": "Base64 High Entropy String",
        "filename": "ansible/artifacts/b09e0a09-b71f-4d30-9d26-04918de519af/command",
        "hashed_secret": "2231629bb7373d6fbe8530f8a72bbe54905a26af",
        "is_verified": false,
        "line_number": 1
      },
      {
        "type": "Base64 High Entropy String",
        "filename": "ansible/artifacts/b09e0a09-b71f-4d30-9d26-04918de519af/command",
        "hashed_secret": "70244417fda5b8628ce6c03c6264df0f6ad4ea00",
        "is_verified": false,
        "line_number": 1
      }
    ],
    "ansible/roles/bootstrap/tasks/ssh_setup.yml": [
      {
        "type": "Secret Keyword",
        "filename": "ansible/roles/bootstrap/tasks/ssh_setup.yml",
        "hashed_secret": "6b42874e3cd20771d93096ec5ce36307a1f2ba14",
        "is_verified": false,
        "line_number": 48
      }
    ],
    "docs/SECRETS_MANAGEMENT.md": [
      {
        "type": "Base64 High Entropy String",
        "filename": "docs/SECRETS_MANAGEMENT.md",
        "hashed_secret": "3208da94e19c447a18e0f35b6603070ce94150d7",
        "is_verified": false,
        "line_number": 175
      },
      {
        "type": "Secret Keyword",
        "filename": "docs/SECRETS_MANAGEMENT.md",
        "hashed_secret": "9fbcff1e1cbebc43c830b063a74799d8ad48cee8",
        "is_verified": false,
        "line_number": 176
      }
    ],
    "gitops/README.md": [
      {
        "type": "Secret Keyword",
        "filename": "gitops/README.md",
        "hashed_secret": "07d726fa7907ec90c0c65a62d94578c4711ee1f6",
        "is_verified": false,
        "line_number": 255
      }
    ],
    "gitops/apps/ai-agents/backup-agent/secret.enc.yaml": [
      {
        "type": "Base64 High Entropy String",
        "filename": "gitops/apps/ai-agents/backup-agent/secret.enc.yaml",
        "hashed_secret": "1a1c4af3b36760af557f790fb96f312594cf2f15",
        "is_verified": false,
        "line_number": 18
      }
    ],
    "gitops/apps/ai-agents/k8s-monitor/memory-secret.enc.yaml": [
      {
        "type": "Secret Keyword",
        "filename": "gitops/apps/ai-agents/k8s-monitor/memory-secret.enc.yaml",
        "hashed_secret": "2fd583bb83f77c39d8218bc4fae03e472eadba2b",
        "is_verified": false,
        "line_number": 10
      },
      {
        "type": "Base64 High Entropy String",
        "filename": "gitops/apps/ai-agents/k8s-monitor/memory-secret.enc.yaml",
        "hashed_secret": "1a1c4af3b36760af557f790fb96f312594cf2f15",
        "is_verified": false,
        "line_number": 18
      }
    ],
    "gitops/apps/ai-agents/k8s-monitor/qdrant-secret.enc.yaml": [
      {
        "type": "Base64 High Entropy String",
        "filename": "gitops/apps/ai-agents/k8s-monitor/qdrant-secret.enc.yaml",
        "hashed_secret": "1a1c4af3b36760af557f790fb96f312594cf2f15",
        "is_verified": false,
        "line_number": 15
      }
    ],
    "gitops/apps/ai-agents/k8s-monitor/secret.enc.yaml": [
      {
        "type": "Base64 High Entropy String",
        "filename": "gitops/apps/ai-agents/k8s-monitor/secret.enc.yaml",
        "hashed_secret": "1a1c4af3b36760af557f790fb96f312594cf2f15",
        "is_verified": false,
        "line_number": 18
      }
    ],
    "gitops/apps/ai-agents/news-monitor/memory-secret.enc.yaml": [
      {
        "type": "Secret Keyword",
        "filename": "gitops/apps/ai-agents/news-monitor/memory-secret.enc.yaml",
        "hashed_secret": "08f11f6238c849098241269bc8a916cdf1307c6c",
        "is_verified": false,
        "line_number": 13
      },
      {
        "type": "Secret Keyword",
        "filename": "gitops/apps/ai-agents/news-monitor/memory-secret.enc.yaml",
        "hashed_secret": "5fc293dfce1db83ee3fcce793565bc7b5d6a19d7",
        "is_verified": false,
        "line_number": 16
      },
      {
        "type": "Base64 High Entropy String",
        "filename": "gitops/apps/ai-agents/news-monitor/memory-secret.enc.yaml",
        "hashed_secret": "1a1c4af3b36760af557f790fb96f312594cf2f15",
        "is_verified": false,
        "line_number": 23
      }
    ],
    "gitops/apps/ai-agents/news-monitor/secret.enc.yaml": [
      {
        "type": "Base64 High Entropy String",
        "filename": "gitops/apps/ai-agents/news-monitor/secret.enc.yaml",
        "hashed_secret": "1a1c4af3b36760af557f790fb96f312594cf2f15",
        "is_verified": false,
        "line_number": 18
      }
    ],
    "gitops/apps/authentik/certificate.yaml": [
      {
        "type": "Secret Keyword",
        "filename": "gitops/apps/authentik/certificate.yaml",
        "hashed_secret": "1a5e782255adfbd8d87d399be7ba3eaf842d14a6",
        "is_verified": false,
        "line_number": 7
      }
    ],
    "gitops/apps/authentik/ingress.yaml": [
      {
        "type": "Secret Keyword",
        "filename": "gitops/apps/authentik/ingress.yaml",
        "hashed_secret": "1a5e782255adfbd8d87d399be7ba3eaf842d14a6",
        "is_verified": false,
        "line_number": 25
      }
    ],
    "gitops/apps/authentik/secret.enc.yaml": [
      {
        "type": "Secret Keyword",
        "filename": "gitops/apps/authentik/secret.enc.yaml",
        "hashed_secret": "68d44e2b8b05c1e9fe51c3bf2d6a412df4a8b290",
        "is_verified": false,
        "line_number": 7
      },
      {
        "type": "Secret Keyword",
        "filename": "gitops/apps/authentik/secret.enc.yaml",
        "hashed_secret": "091fb2ce7014d80d1acb363fc8329da7e69bef7c",
        "is_verified": false,
        "line_number": 9
      },
      {
        "type": "Secret Keyword",
        "filename": "gitops/apps/authentik/secret.enc.yaml",
        "hashed_secret": "d356376684cbb18949f8283a0708ad2e434b38c8",
        "is_verified": false,
        "line_number": 10
      },
      {
        "type": "Base64 High Entropy String",
        "filename": "gitops/apps/authentik/secret.enc.yaml",
        "hashed_secret": "1a1c4af3b36760af557f790fb96f312594cf2f15",
        "is_verified": false,
        "line_number": 19
      }
    ],
    "gitops/apps/authentik/secret.yaml.template": [
      {
        "type": "Secret Keyword",
        "filename": "gitops/apps/authentik/secret.yaml.template",
        "hashed_secret": "b2195582373bcb2256c35388ade328f63e4f5314",
        "is_verified": false,
        "line_number": 9
      },
      {
        "type": "Secret Keyword",
        "filename": "gitops/apps/authentik/secret.yaml.template",
        "hashed_secret": "cdd91d72fe5b3c6bd613f4882beef0c9d213b741",
        "is_verified": false,
        "line_number": 10
      }
    ],
    "gitops/apps/base/nginx/secret.yaml": [
      {
        "type": "Secret Keyword",
        "filename": "gitops/apps/base/nginx/secret.yaml",
        "hashed_secret": "9e2da164ea4c63b1b6b00bc16fb864c637dc2ff5",
        "is_verified": false,
        "line_number": 12
      }
    ],
    "gitops/apps/minecraft/secret.enc.yaml": [
      {
        "type": "Base64 High Entropy String",
        "filename": "gitops/apps/minecraft/secret.enc.yaml",
        "hashed_secret": "1a1c4af3b36760af557f790fb96f312594cf2f15",
        "is_verified": false,
        "line_number": 21
      }
    ],
    "gitops/apps/monitoring/certificate.yaml": [
      {
        "type": "Secret Keyword",
        "filename": "gitops/apps/monitoring/certificate.yaml",
        "hashed_secret": "d9af0710c22379134122d571aa8e9ddda8ecc632",
        "is_verified": false,
        "line_number": 8
      }
    ],
    "gitops/apps/monitoring/grafana-helmrelease.yaml": [
      {
        "type": "Secret Keyword",
        "filename": "gitops/apps/monitoring/grafana-helmrelease.yaml",
        "hashed_secret": "4a02eb064f2146356ce0b65f4e181c218fb0b4b2",
        "is_verified": false,
        "line_number": 26
      },
      {
        "type": "Secret Keyword",
        "filename": "gitops/apps/monitoring/grafana-helmrelease.yaml",
        "hashed_secret": "fc4b79ff2005c1bfacead828184f0c8aad8fd860",
        "is_verified": false,
        "line_number": 28
      }
    ],
    "gitops/apps/monitoring/ingress.yaml": [
      {
        "type": "Secret Keyword",
        "filename": "gitops/apps/monitoring/ingress.yaml",
        "hashed_secret": "d9af0710c22379134122d571aa8e9ddda8ecc632",
        "is_verified": false,
        "line_number": 26
      }
    ],
    "gitops/apps/monitoring/oauth-secret.enc.yaml": [
      {
        "type": "Secret Keyword",
        "filename": "gitops/apps/monitoring/oauth-secret.enc.yaml",
        "hashed_secret": "22fe075647700e73669b6f9aed8762e13148eb48",
        "is_verified": false,
        "line_number": 9
      },
      {
        "type": "Base64 High Entropy String",
        "filename": "gitops/apps/monitoring/oauth-secret.enc.yaml",
        "hashed_secret": "1a1c4af3b36760af557f790fb96f312594cf2f15",
        "is_verified": false,
        "line_number": 16
      }
    ],
    "gitops/apps/monitoring/prometheus-ingress.yaml": [
      {
        "type": "Secret Keyword",
        "filename": "gitops/apps/monitoring/prometheus-ingress.yaml",
        "hashed_secret": "38f756a7f3ccbf5e6f799074299ac322badda3f0",
        "is_verified": false,
        "line_number": 50
      }
    ],
    "gitops/apps/monitoring/secret.enc.yaml": [
      {
        "type": "Secret Keyword",
        "filename": "gitops/apps/monitoring/secret.enc.yaml",
        "hashed_secret": "5e5112489153d8293acd9480226cd1765e56d098",
        "is_verified": false,
        "line_number": 9
      },
      {
        "type": "Base64 High Entropy String",
        "filename": "gitops/apps/monitoring/secret.enc.yaml",
        "hashed_secret": "1a1c4af3b36760af557f790fb96f312594cf2f15",
        "is_verified": false,
        "line_number": 16
      }
    ],
    "gitops/apps/open-webui/ingress.yaml": [
      {
        "type": "Secret Keyword",
        "filename": "gitops/apps/open-webui/ingress.yaml",
        "hashed_secret": "5dcfe000252e382638d32635a7cf615beb4082c5",
        "is_verified": false,
        "line_number": 26
      }
    ],
    "gitops/apps/open-webui/secret.enc.yaml": [
      {
        "type": "Secret Keyword",
        "filename": "gitops/apps/open-webui/secret.enc.yaml",
        "hashed_secret": "2764bef48d68ee5ef8125e9d9ed3f1907426bd34",
        "is_verified": false,
        "line_number": 9
      },
      {
        "type": "Base64 High Entropy String",
        "filename": "gitops/apps/open-webui/secret.enc.yaml",
        "hashed_secret": "1a1c4af3b36760af557f790fb96f312594cf2f15",
        "is_verified": false,
        "line_number": 17
      }
    ],
    "gitops/apps/postgresql/helmrelease.yaml": [
      {
        "type": "Secret Keyword",
        "filename": "gitops/apps/postgresql/helmrelease.yaml",
        "hashed_secret": "23bcd38a650d3da92049b9529a2e192ccd6ab716",
        "is_verified": false,
        "line_number": 26
      },
      {
        "type": "Secret Keyword",
        "filename": "gitops/apps/postgresql/helmrelease.yaml",
        "hashed_secret": "75cb4c02576c9abae38fadc84bc832f2af203f3e",
        "is_verified": false,
        "line_number": 28
      },
      {
        "type": "Secret Keyword",
        "filename": "gitops/apps/postgresql/helmrelease.yaml",
        "hashed_secret": "5baa61e4c9b93f3f0682250b6cf8331b7ee68fd8",
        "is_verified": false,
        "line_number": 29
      }
    ],
    "gitops/apps/postgresql/secret.enc.yaml": [
      {
        "type": "Secret Keyword",
        "filename": "gitops/apps/postgresql/secret.enc.yaml",
        "hashed_secret": "0689d76c5693225dc9dec2038d3db6a96aff5f4e",
        "is_verified": false,
        "line_number": 8
      },
      {
        "type": "Secret Keyword",
        "filename": "gitops/apps/postgresql/secret.enc.yaml",
        "hashed_secret": "dde31557f249af44ba85786632cc29f6dc03dce7",
        "is_verified": false,
        "line_number": 10
      },
      {
        "type": "Base64 High Entropy String",
        "filename": "gitops/apps/postgresql/secret.enc.yaml",
        "hashed_secret": "1a1c4af3b36760af557f790fb96f312594cf2f15",
        "is_verified": false,
        "line_number": 18
      }
    ],
    "gitops/apps/postgresql/secret.yaml.template": [
      {
        "type": "Secret Keyword",
        "filename": "gitops/apps/postgresql/secret.yaml.template",
        "hashed_secret": "462b350d3afd8b74d4415f1b9ede4bb9830f24e4",
        "is_verified": false,
        "line_number": 20
      }
    ],
    "gitops/apps/redis/helmrelease.yaml": [
      {
        "type": "Secret Keyword",
        "filename": "gitops/apps/redis/helmrelease.yaml",
        "hashed_secret": "e6d55f0318bf89d937a0296b808fd5f5f5ee6a07",
        "is_verified": false,
        "line_number": 27
      },
      {
        "type": "Secret Keyword",
        "filename": "gitops/apps/redis/helmrelease.yaml",
        "hashed_secret": "3c91ef6e85d2cf61a5bf772e28bd1d78ead7ba14",
        "is_verified": false,
        "line_number": 28
      }
    ],
    "gitops/apps/redis/secret.enc.yaml": [
      {
        "type": "Secret Keyword",
        "filename": "gitops/apps/redis/secret.enc.yaml",
        "hashed_secret": "c0f55dc0530c2d19eea7e14ac4d6a44fdc201cb3",
        "is_verified": false,
        "line_number": 8
      },
      {
        "type": "Base64 High Entropy String",
        "filename": "gitops/apps/redis/secret.enc.yaml",
        "hashed_secret": "1a1c4af3b36760af557f790fb96f312594cf2f15",
        "is_verified": false,
        "line_number": 15
      }
    ],
    "gitops/apps/redis/secret.yaml.template": [
      {
        "type": "Secret Keyword",
        "filename": "gitops/apps/redis/secret.yaml.template",
        "hashed_secret": "462b350d3afd8b74d4415f1b9ede4bb9830f24e4",
        "is_verified": false,
        "line_number": 20
      }
    ],
    "gitops/apps/temporal/helmrelease.yaml": [
      {
        "type": "Secret Keyword",
        "filename": "gitops/apps/temporal/helmrelease.yaml",
        "hashed_secret": "b5805f9464b68b06f4c948db7eacf8cdad9b5f1b",
        "is_verified": false,
        "line_number": 59
      },
      {
        "type": "Secret Keyword",
        "filename": "gitops/apps/temporal/helmrelease.yaml",
        "hashed_secret": "75cb4c02576c9abae38fadc84bc832f2af203f3e",
        "is_verified": false,
        "line_number": 61
      }
    ],
    "gitops/apps/temporal/ingress.yaml": [
      {
        "type": "Secret Keyword",
        "filename": "gitops/apps/temporal/ingress.yaml",
        "hashed_secret": "05f8502e2013ef41eef047ce24b5229cab96266e",
        "is_verified": false,
        "line_number": 25
      }
    ],
    "gitops/apps/temporal/secret.enc.yaml": [
      {
        "type": "Secret Keyword",
        "filename": "gitops/apps/temporal/secret.enc.yaml",
        "hashed_secret": "181927ca20b34ea8174bec603d4eacd96409f010",
        "is_verified": false,
        "line_number": 9
      },
      {
        "type": "Secret Keyword",
        "filename": "gitops/apps/temporal/secret.enc.yaml",
        "hashed_secret": "5fa3723a8008dc3d20799d622cc2597587ba7e08",
        "is_verified": false,
        "line_number": 11
      },
      {
        "type": "Secret Keyword",
        "filename": "gitops/apps/temporal/secret.enc.yaml",
        "hashed_secret": "51b25c640c284f526c16e653b28277197c9bea54",
        "is_verified": false,
        "line_number": 14
      },
      {
        "type": "Base64 High Entropy String",
        "filename": "gitops/apps/temporal/secret.enc.yaml",
        "hashed_secret": "1a1c4af3b36760af557f790fb96f312594cf2f15",
        "is_verified": false,
        "line_number": 21
      }
    ],
    "gitops/apps/vllm/embeddings-ingress.yaml": [
      {
        "type": "Secret Keyword",
        "filename": "gitops/apps/vllm/embeddings-ingress.yaml",
        "hashed_secret": "c7d4a56faedbaa9bd2b7a02b8f944baa4e306957",
        "is_verified": false,
        "line_number": 13
      }
    ],
    "gitops/apps/vllm/hf-token-secret.enc.yaml": [
      {
        "type": "Base64 High Entropy String",
        "filename": "gitops/apps/vllm/hf-token-secret.enc.yaml",
        "hashed_secret": "1a1c4af3b36760af557f790fb96f312594cf2f15",
        "is_verified": false,
        "line_number": 15
      }
    ],
    "gitops/apps/vllm/ingress.yaml": [
      {
        "type": "Secret Keyword",
        "filename": "gitops/apps/vllm/ingress.yaml",
        "hashed_secret": "186526faf5fe262edd449c03e4fbfd0a26128a3d",
        "is_verified": false,
        "line_number": 13
      }
    ],
    "gitops/apps/weave-gitops/ingress.yaml": [
      {
        "type": "Secret Keyword",
        "filename": "gitops/apps/weave-gitops/ingress.yaml",
        "hashed_secret": "824bbdee7ba88773e11df55c1eaba3f4e450bc80",
        "is_verified": false,
        "line_number": 26
      }
    ],
    "gitops/apps/weave-gitops/oidc-secret.enc.yaml": [
      {
        "type": "Secret Keyword",
        "filename": "gitops/apps/weave-gitops/oidc-secret.enc.yaml",
        "hashed_secret": "f5c6945f7f0bd4a9ebdf816614334dd142cad1ba",
        "is_verified": false,
        "line_number": 9
      },
      {
        "type": "Base64 High Entropy String",
        "filename": "gitops/apps/weave-gitops/oidc-secret.enc.yaml",
        "hashed_secret": "1a1c4af3b36760af557f790fb96f312594cf2f15",
        "is_verified": false,
        "line_number": 20
      }
    ],
    "gitops/infrastructure/cert-manager/cloudflare-secret.enc.yaml": [
      {
        "type": "Base64 High Entropy String",
        "filename": "gitops/infrastructure/cert-manager/cloudflare-secret.enc.yaml",
        "hashed_secret": "1a1c4af3b36760af557f790fb96f312594cf2f15",
        "is_verified": false,
        "line_number": 15
      }
    ],
    "gitops/infrastructure/external-dns/helmrelease.yaml": [
      {
        "type": "Secret Keyword",
        "filename": "gitops/infrastructure/external-dns/helmrelease.yaml",
        "hashed_secret": "072f1d84318b6b673084231351259a10b885636a",
        "is_verified": false,
        "line_number": 36
      }
    ],
    "gitops/infrastructure/nas-storage/secret.enc.yaml": [
      {
        "type": "Secret Keyword",
        "filename": "gitops/infrastructure/nas-storage/secret.enc.yaml",
        "hashed_secret": "9a15b60ac04da84c5cb39ca2aa1fc4f5a1dd29dd",
        "is_verified": false,
        "line_number": 9
      },
      {
        "type": "Base64 High Entropy String",
        "filename": "gitops/infrastructure/nas-storage/secret.enc.yaml",
        "hashed_secret": "1a1c4af3b36760af557f790fb96f312594cf2f15",
        "is_verified": false,
        "line_number": 16
      }
    ],
    "gitops/infrastructure/neo4j/secret.yaml": [
      {
        "type": "Secret Keyword",
        "filename": "gitops/infrastructure/neo4j/secret.yaml",
        "hashed_secret": "fa9beb99e4029ad5a6615399e7bbae21356086b3",
        "is_verified": false,
        "line_number": 18
      }
    ],
    "gitops/infrastructure/registry/ingress.yaml": [
      {
        "type": "Secret Keyword",
        "filename": "gitops/infrastructure/registry/ingress.yaml",
        "hashed_secret": "d9b0bb122ae79a5736f155b5f8ddb18063d58b38",
        "is_verified": false,
        "line_number": 29
      }
    ],
    "tests/properties/test_gitops.py": [
      {
        "type": "Base64 High Entropy String",
        "filename": "tests/properties/test_gitops.py",
        "hashed_secret": "e7be9342d479416a77bc2979c4329e376cd2eee7",
        "is_verified": false,
        "line_number": 63
      }
    ],
    "tests/properties/test_inventory_management.py": [
      {
        "type": "Base64 High Entropy String",
        "filename": "tests/properties/test_inventory_management.py",
        "hashed_secret": "f2a832e76ac8ff76a637bdf363c0178b2caaf91c",
        "is_verified": false,
        "line_number": 33
      },
      {
        "type": "Base64 High Entropy String",
        "filename": "tests/properties/test_inventory_management.py",
        "hashed_secret": "79a8afbe72a1d989b83ec4dbb7ad80356e1b43ff",
        "is_verified": false,
        "line_number": 712
      }
    ],
    "tests/properties/test_k3s_control_plane.py": [
      {
        "type": "Base64 High Entropy String",
        "filename": "tests/properties/test_k3s_control_plane.py",
        "hashed_secret": "f2a832e76ac8ff76a637bdf363c0178b2caaf91c",
        "is_verified": false,
        "line_number": 35
      }
    ],
    "tests/properties/test_k3s_worker.py": [
      {
        "type": "Base64 High Entropy String",
        "filename": "tests/properties/test_k3s_worker.py",
        "hashed_secret": "f2a832e76ac8ff76a637bdf363c0178b2caaf91c",
        "is_verified": false,
        "line_number": 35
      }
    ],
    "tests/properties/test_node_model.py": [
      {
        "type": "Base64 High Entropy String",
        "filename": "tests/properties/test_node_model.py",
        "hashed_secret": "f2a832e76ac8ff76a637bdf363c0178b2caaf91c",
        "is_verified": false,
        "line_number": 31
      }
    ],
    "tests/properties/test_playbooks.py": [
      {
        "type": "Base64 High Entropy String",
        "filename": "tests/properties/test_playbooks.py",
        "hashed_secret": "f2a832e76ac8ff76a637bdf363c0178b2caaf91c",
        "is_verified": false,
        "line_number": 31
      }
    ],
    "tests/properties/test_prerequisites.py": [
      {
        "type": "Base64 High Entropy String",
        "filename": "tests/properties/test_prerequisites.py",
        "hashed_secret": "f2a832e76ac8ff76a637bdf363c0178b2caaf91c",
        "is_verified": false,
        "line_number": 30
      }
    ],
    "tests/properties/test_production_services.py": [
      {
        "type": "Base64 High Entropy String",
        "filename": "tests/properties/test_production_services.py",
        "hashed_secret": "9a96960baa4d8c0559cf89f72b5f3486736762e9",
        "is_verified": false,
        "line_number": 84
      },
      {
        "type": "Base64 High Entropy String",
        "filename": "tests/properties/test_production_services.py",
        "hashed_secret": "626ee64c363f15428d69f6fc36a43aa7793c6c36",
        "is_verified": false,
        "line_number": 97
      },
      {
        "type": "Secret Keyword",
        "filename": "tests/properties/test_production_services.py",
        "hashed_secret": "23bcd38a650d3da92049b9529a2e192ccd6ab716",
        "is_verified": false,
        "line_number": 509
      },
      {
        "type": "Secret Keyword",
        "filename": "tests/properties/test_production_services.py",
        "hashed_secret": "e6d55f0318bf89d937a0296b808fd5f5f5ee6a07",
        "is_verified": false,
        "line_number": 517
      },
      {
        "type": "Secret Keyword",
        "filename": "tests/properties/test_production_services.py",
        "hashed_secret": "ac9a60628d7655896f882201cbbe86985882865b",
        "is_verified": false,
        "line_number": 525
      },
      {
        "type": "Secret Keyword",
        "filename": "tests/properties/test_production_services.py",
        "hashed_secret": "75cb4c02576c9abae38fadc84bc832f2af203f3e",
        "is_verified": false,
        "line_number": 577
      },
      {
        "type": "Secret Keyword",
        "filename": "tests/properties/test_production_services.py",
        "hashed_secret": "5baa61e4c9b93f3f0682250b6cf8331b7ee68fd8",
        "is_verified": false,
        "line_number": 578
      },
      {
        "type": "Secret Keyword",
        "filename": "tests/properties/test_production_services.py",
        "hashed_secret": "3c91ef6e85d2cf61a5bf772e28bd1d78ead7ba14",
        "is_verified": false,
        "line_number": 592
      }
    ],
    "tests/properties/test_tailscale_discovery.py": [
      {
        "type": "Base64 High Entropy String",
        "filename": "tests/properties/test_tailscale_discovery.py",
        "hashed_secret": "f2a832e76ac8ff76a637bdf363c0178b2caaf91c",
        "is_verified": false,
        "line_number": 33
      }
    ]
  },
  "generated_at": "2026-01-06T23:38:55Z"
}
